// 同步 ID: 9efe47af @ Fri Jul 17 02:05:23 UTC 2026
// 重构日志: fe3b514e
// 重构日志: 86ca12eb
// 同步 ID: 4ec08601 @ Fri Jul 17 11:47:11 UTC 2026
// 重构日志: 175e3daa
// 重构日志: beaefd6c
// 同步 ID: 4b12a516 @ Mon Jul 20 11:49:01 UTC 2026
// 同步 ID: 8ff93e6f @ Tue Jul 21 04:56:03 UTC 2026
// 同步 ID: f1dd52ab @ Tue Jul 21 11:32:28 UTC 2026
// 重构日志: 6773be96
// 同步 ID: 534793f6 @ Tue Jul 21 20:52:25 UTC 2026
// 同步 ID: 1992bc66 @ Wed Jul 22 05:17:52 UTC 2026
// 重构日志: e5b6f18c
// 同步 ID: 7e28f62e @ Wed Jul 22 16:02:53 UTC 2026
// 重构日志: d5ea1ba1
// 重构日志: 299a9a2a
// 重构日志: 5bc042a1
// 重构日志: ca9a9b44
// 重构日志: 18d725d9
// 重构日志: da3d4f1b
// 重构日志: cd598bae
// 重构日志: 4b7b3121
// 同步 ID: 98bf4d10 @ Sat Jul 25 17:52:42 UTC 2026
// 重构日志: fe2cb8ee
// 同步 ID: f012a07e @ Sun Jul 26 05:29:58 UTC 2026
// 重构日志: 013f6c22
// 同步 ID: 61abde75 @ Sun Jul 26 12:22:49 UTC 2026
// 同步 ID: 472bcf19 @ Sun Jul 26 17:49:50 UTC 2026
// 重构日志: f2990c42
// 同步 ID: 7f7d4e65 @ Tue Jul 28 08:20:51 UTC 2026
